
> next_app@0.1.0 build
> next build

node.exe :  ΓÜá Warning: Next.js inferred your 
workspace root, but it may not be correct.
At line:1 char:1
+ & "C:\Program Files\nodejs/node.exe" "C:\Program 
Files\nodejs/node_mo ...
+ ~~~~~~~~~~~~~~~~~~~~~~~~~~~~~~~~~~~~~~~~~~~~~~~~~~
~~~~~~~~~~~~~~~~~~~
    + CategoryInfo          : NotSpecified: ( ΓÜá W 
   arning: N...not be correct.:String) [], RemoteE  
  xception
    + FullyQualifiedErrorId : NativeCommandError
 
 We detected multiple lockfiles and selected the 
directory of C:\Users\7vault\pnpm-lock.yaml as the 
root directory.
 To silence this warning, set `turbopack.root` in 
your Next.js config, or consider removing one of 
the lockfiles if it's not needed.
   See https://nextjs.org/docs/app/api-reference/con
fig/next-config-js/turbopack#root-directory for 
more information.
 Detected additional lockfiles: 
   * C:\Users\7vault\boulangerie-saint-marc\package-
lock.json

   Γû▓ Next.js 16.0.7 (Turbopack)
   - Environments: .env

   Creating an optimized production build ...

> Build error occurred
Error: Turbopack build failed with 4 errors:
./boulangerie-saint-marc/src/components/ui/badge.tsx
:3:1
Module not found: Can't resolve 
'class-variance-authority'
[0m [90m 1 |[39m [36mimport[39m [33m*[39m 
[36mas[39m [33mReact[39m [36mfrom[39m 
[32m"react"[39m[33m;[39m
 [90m 2 |[39m [36mimport[39m { [33mSlot[39m } 
[36mfrom[39m 
[32m"@radix-ui/react-slot"[39m[33m;[39m
[31m[1m>[22m[39m[90m 3 |[39m [36mimport[39m 
{ cva[33m,[39m type [33mVariantProps[39m } 
[36mfrom[39m 
[32m"class-variance-authority"[39m[33m;[39m
 [90m   |[39m [31m[1m^[22m[39m[31m[1m^[22m
[39m[31m[1m^[22m[39m[31m[1m^[22m[39m[31m[1
m^[22m[39m[31m[1m^[22m[39m[31m[1m^[22m[39m
[31m[1m^[22m[39m[31m[1m^[22m[39m[31m[1m^[
22m[39m[31m[1m^[22m[39m[31m[1m^[22m[39m[31
m[1m^[22m[39m[31m[1m^[22m[39m[31m[1m^[22m
[39m[31m[1m^[22m[39m[31m[1m^[22m[39m[31m[1
m^[22m[39m[31m[1m^[22m[39m[31m[1m^[22m[39m
[31m[1m^[22m[39m[31m[1m^[22m[39m[31m[1m^[
22m[39m[31m[1m^[22m[39m[31m[1m^[22m[39m[31
m[1m^[22m[39m[31m[1m^[22m[39m[31m[1m^[22m
[39m[31m[1m^[22m[39m[31m[1m^[22m[39m[31m[1
m^[22m[39m[31m[1m^[22m[39m[31m[1m^[22m[39m
[31m[1m^[22m[39m[31m[1m^[22m[39m[31m[1m^[
22m[39m[31m[1m^[22m[39m[31m[1m^[22m[39m[31
m[1m^[22m[39m[31m[1m^[22m[39m[31m[1m^[22m
[39m[31m[1m^[22m[39m[31m[1m^[22m[39m[31m[1
m^[22m[39m[31m[1m^[22m[39m[31m[1m^[22m[39m
[31m[1m^[22m[39m[31m[1m^[22m[39m[31m[1m^[
22m[39m[31m[1m^[22m[39m[31m[1m^[22m[39m[31
m[1m^[22m[39m[31m[1m^[22m[39m[31m[1m^[22m
[39m[31m[1m^[22m[39m[31m[1m^[22m[39m[31m[1
m^[22m[39m[31m[1m^[22m[39m[31m[1m^[22m[39m
[31m[1m^[22m[39m[31m[1m^[22m[39m[31m[1m^[
22m[39m[31m[1m^[22m[39m[31m[1m^[22m[39m[31
m[1m^[22m[39m[31m[1m^[22m[39m
 [90m 4 |[39m
 [90m 5 |[39m [36mimport[39m { cn } 
[36mfrom[39m [32m"@/lib/utils"[39m[33m;[39m
 [90m 6 |[39m[0m



Import traces:
  Client Component Browser:
    ./boulangerie-saint-marc/src/components/ui/badge
.tsx [Client Component Browser]
    ./boulangerie-saint-marc/src/components/HomeClie
nt.tsx [Client Component Browser]
    ./boulangerie-saint-marc/src/components/HomeClie
nt.tsx [Server Component]
    ./boulangerie-saint-marc/src/app/page.tsx 
[Server Component]

  Client Component SSR:
    ./boulangerie-saint-marc/src/components/ui/badge
.tsx [Client Component SSR]
    ./boulangerie-saint-marc/src/components/HomeClie
nt.tsx [Client Component SSR]
    ./boulangerie-saint-marc/src/components/HomeClie
nt.tsx [Server Component]
    ./boulangerie-saint-marc/src/app/page.tsx 
[Server Component]

https://nextjs.org/docs/messages/module-not-found


./boulangerie-saint-marc/src/components/ui/badge.tsx
:4:1
Module not found: Can't resolve 
'class-variance-authority'
[0m [90m 2 |[39m [36mimport[39m [33m*[39m 
[36mas[39m [33mReact[39m [36mfrom[39m 
[32m"react"[39m[33m;[39m
 [90m 3 |[39m [36mimport[39m { [33mSlot[39m } 
[36mfrom[39m 
[32m"@radix-ui/react-slot"[39m[33m;[39m
[31m[1m>[22m[39m[90m 4 |[39m [36mimport[39m 
{ cva[33m,[39m type [33mVariantProps[39m } 
[36mfrom[39m 
[32m"class-variance-authority"[39m[33m;[39m
 [90m   |[39m [31m[1m^[22m[39m[31m[1m^[22m
[39m[31m[1m^[22m[39m[31m[1m^[22m[39m[31m[1
m^[22m[39m[31m[1m^[22m[39m[31m[1m^[22m[39m
[31m[1m^[22m[39m[31m[1m^[22m[39m[31m[1m^[
22m[39m[31m[1m^[22m[39m[31m[1m^[22m[39m[31
m[1m^[22m[39m[31m[1m^[22m[39m[31m[1m^[22m
[39m[31m[1m^[22m[39m[31m[1m^[22m[39m[31m[1
m^[22m[39m[31m[1m^[22m[39m[31m[1m^[22m[39m
[31m[1m^[22m[39m[31m[1m^[22m[39m[31m[1m^[
22m[39m[31m[1m^[22m[39m[31m[1m^[22m[39m[31
m[1m^[22m[39m[31m[1m^[22m[39m[31m[1m^[22m
[39m[31m[1m^[22m[39m[31m[1m^[22m[39m[31m[1
m^[22m[39m[31m[1m^[22m[39m[31m[1m^[22m[39m
[31m[1m^[22m[39m[31m[1m^[22m[39m[31m[1m^[
22m[39m[31m[1m^[22m[39m[31m[1m^[22m[39m[31
m[1m^[22m[39m[31m[1m^[22m[39m[31m[1m^[22m
[39m[31m[1m^[22m[39m[31m[1m^[22m[39m[31m[1
m^[22m[39m[31m[1m^[22m[39m[31m[1m^[22m[39m
[31m[1m^[22m[39m[31m[1m^[22m[39m[31m[1m^[
22m[39m[31m[1m^[22m[39m[31m[1m^[22m[39m[31
m[1m^[22m[39m[31m[1m^[22m[39m[31m[1m^[22m
[39m[31m[1m^[22m[39m[31m[1m^[22m[39m[31m[1
m^[22m[39m[31m[1m^[22m[39m[31m[1m^[22m[39m
[31m[1m^[22m[39m[31m[1m^[22m[39m[31m[1m^[
22m[39m[31m[1m^[22m[39m[31m[1m^[22m[39m[31
m[1m^[22m[39m[31m[1m^[22m[39m
 [90m 5 |[39m [36mimport[39m { cn } 
[36mfrom[39m [32m"@/lib/utils"[39m[33m;[39m
 [90m 6 |[39m [36mconst[39m badgeVariants 
[33m=[39m cva([32m"inline-flex items-center 
justify-center rounded-md border px-2 py-0.5 
text-xs font-medium w-fit whitespace-nowrap 
shrink-0 [&>svg]:size-3 gap-1 
[&>svg]:pointer-events-none 
focus-visible:border-ring 
focus-visible:ring-ring/50 focus-visible:ring-[3px] 
aria-invalid:ring-destructive/20 
dark:aria-invalid:ring-destructive/40 
aria-invalid:border-destructive 
transition-[color,box-shadow] 
overflow-hidden"[39m[33m,[39m {
 [90m 7 |[39m   variants[33m:[39m {[0m



Import traces:
  Client Component Browser:
    ./boulangerie-saint-marc/src/components/ui/badge
.tsx [Client Component Browser]
    ./boulangerie-saint-marc/src/components/HomeClie
nt.tsx [Client Component Browser]
    ./boulangerie-saint-marc/src/components/HomeClie
nt.tsx [Server Component]
    ./boulangerie-saint-marc/src/app/page.tsx 
[Server Component]

  Client Component SSR:
    ./boulangerie-saint-marc/src/components/ui/badge
.tsx [Client Component SSR]
    ./boulangerie-saint-marc/src/components/HomeClie
nt.tsx [Client Component SSR]
    ./boulangerie-saint-marc/src/components/HomeClie
nt.tsx [Server Component]
    ./boulangerie-saint-marc/src/app/page.tsx 
[Server Component]

https://nextjs.org/docs/messages/module-not-found


./boulangerie-saint-marc/src/components/ui/button.ts
x:3:1
Module not found: Can't resolve 
'class-variance-authority'
[0m [90m 1 |[39m [36mimport[39m [33m*[39m 
[36mas[39m [33mReact[39m [36mfrom[39m 
[32m"react"[39m[33m;[39m
 [90m 2 |[39m [36mimport[39m { [33mSlot[39m } 
[36mfrom[39m 
[32m"@radix-ui/react-slot"[39m[33m;[39m
[31m[1m>[22m[39m[90m 3 |[39m [36mimport[39m 
{ cva[33m,[39m type [33mVariantProps[39m } 
[36mfrom[39m 
[32m"class-variance-authority"[39m[33m;[39m
 [90m   |[39m [31m[1m^[22m[39m[31m[1m^[22m
[39m[31m[1m^[22m[39m[31m[1m^[22m[39m[31m[1
m^[22m[39m[31m[1m^[22m[39m[31m[1m^[22m[39m
[31m[1m^[22m[39m[31m[1m^[22m[39m[31m[1m^[
22m[39m[31m[1m^[22m[39m[31m[1m^[22m[39m[31
m[1m^[22m[39m[31m[1m^[22m[39m[31m[1m^[22m
[39m[31m[1m^[22m[39m[31m[1m^[22m[39m[31m[1
m^[22m[39m[31m[1m^[22m[39m[31m[1m^[22m[39m
[31m[1m^[22m[39m[31m[1m^[22m[39m[31m[1m^[
22m[39m[31m[1m^[22m[39m[31m[1m^[22m[39m[31
m[1m^[22m[39m[31m[1m^[22m[39m[31m[1m^[22m
[39m[31m[1m^[22m[39m[31m[1m^[22m[39m[31m[1
m^[22m[39m[31m[1m^[22m[39m[31m[1m^[22m[39m
[31m[1m^[22m[39m[31m[1m^[22m[39m[31m[1m^[
22m[39m[31m[1m^[22m[39m[31m[1m^[22m[39m[31
m[1m^[22m[39m[31m[1m^[22m[39m[31m[1m^[22m
[39m[31m[1m^[22m[39m[31m[1m^[22m[39m[31m[1
m^[22m[39m[31m[1m^[22m[39m[31m[1m^[22m[39m
[31m[1m^[22m[39m[31m[1m^[22m[39m[31m[1m^[
22m[39m[31m[1m^[22m[39m[31m[1m^[22m[39m[31
m[1m^[22m[39m[31m[1m^[22m[39m[31m[1m^[22m
[39m[31m[1m^[22m[39m[31m[1m^[22m[39m[31m[1
m^[22m[39m[31m[1m^[22m[39m[31m[1m^[22m[39m
[31m[1m^[22m[39m[31m[1m^[22m[39m[31m[1m^[
22m[39m[31m[1m^[22m[39m[31m[1m^[22m[39m[31
m[1m^[22m[39m[31m[1m^[22m[39m
 [90m 4 |[39m
 [90m 5 |[39m [36mimport[39m { cn } 
[36mfrom[39m [32m"@/lib/utils"[39m[33m;[39m
 [90m 6 |[39m[0m



Import traces:
  Client Component Browser:
    ./boulangerie-saint-marc/src/components/ui/butto
n.tsx [Client Component Browser]
    ./boulangerie-saint-marc/src/components/HomeClie
nt.tsx [Client Component Browser]
    ./boulangerie-saint-marc/src/components/HomeClie
nt.tsx [Server Component]
    ./boulangerie-saint-marc/src/app/page.tsx 
[Server Component]

  Client Component SSR:
    ./boulangerie-saint-marc/src/components/ui/butto
n.tsx [Client Component SSR]
    ./boulangerie-saint-marc/src/components/HomeClie
nt.tsx [Client Component SSR]
    ./boulangerie-saint-marc/src/components/HomeClie
nt.tsx [Server Component]
    ./boulangerie-saint-marc/src/app/page.tsx 
[Server Component]

https://nextjs.org/docs/messages/module-not-found


./boulangerie-saint-marc/src/components/ui/button.ts
x:4:1
Module not found: Can't resolve 
'class-variance-authority'
[0m [90m 2 |[39m [36mimport[39m [33m*[39m 
[36mas[39m [33mReact[39m [36mfrom[39m 
[32m"react"[39m[33m;[39m
 [90m 3 |[39m [36mimport[39m { [33mSlot[39m } 
[36mfrom[39m 
[32m"@radix-ui/react-slot"[39m[33m;[39m
[31m[1m>[22m[39m[90m 4 |[39m [36mimport[39m 
{ cva[33m,[39m type [33mVariantProps[39m } 
[36mfrom[39m 
[32m"class-variance-authority"[39m[33m;[39m
 [90m   |[39m [31m[1m^[22m[39m[31m[1m^[22m
[39m[31m[1m^[22m[39m[31m[1m^[22m[39m[31m[1
m^[22m[39m[31m[1m^[22m[39m[31m[1m^[22m[39m
[31m[1m^[22m[39m[31m[1m^[22m[39m[31m[1m^[
22m[39m[31m[1m^[22m[39m[31m[1m^[22m[39m[31
m[1m^[22m[39m[31m[1m^[22m[39m[31m[1m^[22m
[39m[31m[1m^[22m[39m[31m[1m^[22m[39m[31m[1
m^[22m[39m[31m[1m^[22m[39m[31m[1m^[22m[39m
[31m[1m^[22m[39m[31m[1m^[22m[39m[31m[1m^[
22m[39m[31m[1m^[22m[39m[31m[1m^[22m[39m[31
m[1m^[22m[39m[31m[1m^[22m[39m[31m[1m^[22m
[39m[31m[1m^[22m[39m[31m[1m^[22m[39m[31m[1
m^[22m[39m[31m[1m^[22m[39m[31m[1m^[22m[39m
[31m[1m^[22m[39m[31m[1m^[22m[39m[31m[1m^[
22m[39m[31m[1m^[22m[39m[31m[1m^[22m[39m[31
m[1m^[22m[39m[31m[1m^[22m[39m[31m[1m^[22m
[39m[31m[1m^[22m[39m[31m[1m^[22m[39m[31m[1
m^[22m[39m[31m[1m^[22m[39m[31m[1m^[22m[39m
[31m[1m^[22m[39m[31m[1m^[22m[39m[31m[1m^[
22m[39m[31m[1m^[22m[39m[31m[1m^[22m[39m[31
m[1m^[22m[39m[31m[1m^[22m[39m[31m[1m^[22m
[39m[31m[1m^[22m[39m[31m[1m^[22m[39m[31m[1
m^[22m[39m[31m[1m^[22m[39m[31m[1m^[22m[39m
[31m[1m^[22m[39m[31m[1m^[22m[39m[31m[1m^[
22m[39m[31m[1m^[22m[39m[31m[1m^[22m[39m[31
m[1m^[22m[39m[31m[1m^[22m[39m
 [90m 5 |[39m [36mimport[39m { cn } 
[36mfrom[39m [32m"@/lib/utils"[39m[33m;[39m
 [90m 6 |[39m [36mconst[39m buttonVariants 
[33m=[39m cva([32m"inline-flex items-center 
justify-center gap-2 whitespace-nowrap rounded-md 
text-sm font-medium transition-all 
disabled:pointer-events-none disabled:opacity-50 
[&_svg]:pointer-events-none 
[&_svg:not([class*='size-'])]:size-4 shrink-0 
[&_svg]:shrink-0 outline-none 
focus-visible:border-ring 
focus-visible:ring-ring/50 focus-visible:ring-[3px] 
aria-invalid:ring-destructive/20 
dark:aria-invalid:ring-destructive/40 
aria-invalid:border-destructive"[39m[33m,[39m {
 [90m 7 |[39m   variants[33m:[39m {[0m



Import traces:
  Client Component Browser:
    ./boulangerie-saint-marc/src/components/ui/butto
n.tsx [Client Component Browser]
    ./boulangerie-saint-marc/src/components/HomeClie
nt.tsx [Client Component Browser]
    ./boulangerie-saint-marc/src/components/HomeClie
nt.tsx [Server Component]
    ./boulangerie-saint-marc/src/app/page.tsx 
[Server Component]

  Client Component SSR:
    ./boulangerie-saint-marc/src/components/ui/butto
n.tsx [Client Component SSR]
    ./boulangerie-saint-marc/src/components/HomeClie
nt.tsx [Client Component SSR]
    ./boulangerie-saint-marc/src/components/HomeClie
nt.tsx [Server Component]
    ./boulangerie-saint-marc/src/app/page.tsx 
[Server Component]

https://nextjs.org/docs/messages/module-not-found


    at <unknown> (./boulangerie-saint-marc/src/compo
nents/ui/badge.tsx:3:1)
    at <unknown> 
(https://nextjs.org/docs/messages/module-not-found)
    at <unknown> (./boulangerie-saint-marc/src/compo
nents/ui/badge.tsx:4:1)
    at <unknown> 
(https://nextjs.org/docs/messages/module-not-found)
    at <unknown> (./boulangerie-saint-marc/src/compo
nents/ui/button.tsx:3:1)
    at <unknown> 
(https://nextjs.org/docs/messages/module-not-found)
    at <unknown> (./boulangerie-saint-marc/src/compo
nents/ui/button.tsx:4:1)
    at <unknown> 
(https://nextjs.org/docs/messages/module-not-found)
